# gate4 -- 2026-09-14T20:06:01Z  gr4-ieee80211 8fd316e  gnuradio4 29320de  rate 0
PASS    BPSK_1_2_10            exit 0 PASS       decoded 200/200 wrong 0 -
PASS    BPSK_1_2_100           exit 0 PASS       decoded 200/200 wrong 0 -
PASS    BPSK_1_2_1000          exit 0 PASS       decoded 200/200 wrong 0 -
PASS    BPSK_1_2_1472          exit 0 PASS       decoded 200/200 wrong 0 -
PASS    BPSK_1_2_1500          exit 0 PASS       decoded 200/200 wrong 0 -
PASS    BPSK_1_2_4             exit 0 PASS       decoded 200/200 wrong 0 -
PASS    BPSK_1_2_500           exit 0 PASS       decoded 200/200 wrong 0 -
PASS    BPSK_3_4_10            exit 0 PASS       decoded 200/200 wrong 0 -
PASS    BPSK_3_4_100           exit 0 PASS       decoded 200/200 wrong 0 -
PASS    BPSK_3_4_1000          exit 0 PASS       decoded 200/200 wrong 0 -
PASS    BPSK_3_4_1472          exit 0 PASS       decoded 200/200 wrong 0 -
PASS    BPSK_3_4_1500          exit 0 PASS       decoded 200/200 wrong 0 -
PASS    BPSK_3_4_4             exit 0 PASS       decoded 193/200 wrong 0 -
PASS    BPSK_3_4_500           exit 0 PASS       decoded 200/200 wrong 0 -
PASS    QAM16_1_2_10           exit 0 PASS       decoded 200/200 wrong 0 -
PASS    QAM16_1_2_100          exit 0 PASS       decoded 200/200 wrong 0 -
PASS    QAM16_1_2_1000         exit 0 PASS       decoded 200/200 wrong 0 -
PASS    QAM16_1_2_1472         exit 0 PASS       decoded 200/200 wrong 0 -
PASS    QAM16_1_2_1500         exit 0 PASS       decoded 200/200 wrong 0 -
PASS    QAM16_1_2_4            exit 0 PASS       decoded 200/200 wrong 0 -
PASS    QAM16_1_2_500          exit 0 PASS       decoded 200/200 wrong 0 -
PASS    QAM16_3_4_10           exit 0 PASS       decoded 200/200 wrong 0 -
PASS    QAM16_3_4_100          exit 0 PASS       decoded 200/200 wrong 0 -
PASS    QAM16_3_4_1000         exit 0 PASS       decoded 200/200 wrong 0 -
PASS    QAM16_3_4_1472         exit 0 PASS       decoded 200/200 wrong 0 -
PASS    QAM16_3_4_1500         exit 0 PASS       decoded 200/200 wrong 0 -
PASS    QAM16_3_4_4            exit 0 PASS       decoded 193/200 wrong 0 -
PASS    QAM16_3_4_500          exit 0 PASS       decoded 200/200 wrong 0 -
PASS    QAM64_2_3_10           exit 0 PASS       decoded 200/200 wrong 0 -
PASS    QAM64_2_3_100          exit 0 PASS       decoded 200/200 wrong 0 -
PASS    QAM64_2_3_1000         exit 0 PASS       decoded 200/200 wrong 0 -
PASS    QAM64_2_3_1472         exit 0 PASS       decoded 200/200 wrong 0 -
PASS    QAM64_2_3_1500         exit 0 PASS       decoded 200/200 wrong 0 -
PASS    QAM64_2_3_4            exit 0 PASS       decoded 200/200 wrong 0 -
PASS    QAM64_2_3_500          exit 0 PASS       decoded 200/200 wrong 0 -
PASS    QAM64_3_4_10           exit 0 PASS       decoded 200/200 wrong 0 -
PASS    QAM64_3_4_100          exit 0 PASS       decoded 200/200 wrong 0 -
PASS    QAM64_3_4_1000         exit 0 PASS       decoded 200/200 wrong 0 -
PASS    QAM64_3_4_1472         exit 0 PASS       decoded 200/200 wrong 0 -
PASS    QAM64_3_4_1500         exit 0 PASS       decoded 200/200 wrong 0 -
PASS    QAM64_3_4_4            exit 0 PASS       decoded 200/200 wrong 0 -
PASS    QAM64_3_4_500          exit 0 PASS       decoded 200/200 wrong 0 -
PASS    QPSK_1_2_10            exit 0 PASS       decoded 200/200 wrong 0 -
PASS    QPSK_1_2_100           exit 0 PASS       decoded 200/200 wrong 0 -
PASS    QPSK_1_2_1000          exit 0 PASS       decoded 200/200 wrong 0 -
PASS    QPSK_1_2_1472          exit 0 PASS       decoded 200/200 wrong 0 -
PASS    QPSK_1_2_1500          exit 0 PASS       decoded 200/200 wrong 0 -
PASS    QPSK_1_2_4             exit 0 PASS       decoded 200/200 wrong 0 -
PASS    QPSK_1_2_500           exit 0 PASS       decoded 200/200 wrong 0 -
PASS    QPSK_3_4_10            exit 0 PASS       decoded 200/200 wrong 0 -
PASS    QPSK_3_4_100           exit 0 PASS       decoded 200/200 wrong 0 -
PASS    QPSK_3_4_1000          exit 0 PASS       decoded 200/200 wrong 0 -
PASS    QPSK_3_4_1472          exit 0 PASS       decoded 200/200 wrong 0 -
PASS    QPSK_3_4_1500          exit 0 PASS       decoded 200/200 wrong 0 -
PASS    QPSK_3_4_4             exit 0 PASS       decoded 193/200 wrong 0 -
PASS    QPSK_3_4_500           exit 0 PASS       decoded 200/200 wrong 0 -
PASS    edge                   exit 0 PASS       decoded 8/8 wrong 0 -
PASS    long_BPSK_1_2_100      exit 0 PASS       decoded 4200/4200 wrong 0 -
gate4: 58 cells -- 58 PASS, 0 GR3-DEFECT, 0 FAIL
